[INFO] Flow test starting at 2026-07-08 08:48:07.734
[INFO] 
[INFO] Starting batch 1/2 with 2 concurrent request(s) to https://cxf-executor-dev.cxfabric.io/restendpoint?tenant_id=cus_QZ2vTHtqYrOmud&flow_id=e65852cd-3fc1-40d7-898a-d1ec37bfae59&draft=true&targetUserId=*&displayExecutionLogs=true
[INFO]   Starting test 1/2
[INFO]   Starting test 2/2
[INFO]   Response = {"success":true,"message":"Hello from C X Fabric!"} for flow https://cxf-executor-dev.cxfabric.io/restendpoint?tenant_id=cus_QZ2vTHtqYrOmud&flow_id=e65852cd-3fc1-40d7-898a-d1ec37bfae59&draft=true&targetUserId=*&displayExecutionLogs=true
[INFO]   Response = {"success":true,"message":"Hello from C X Fabric!"} for flow https://cxf-executor-dev.cxfabric.io/restendpoint?tenant_id=cus_QZ2vTHtqYrOmud&flow_id=e65852cd-3fc1-40d7-898a-d1ec37bfae59&draft=true&targetUserId=*&displayExecutionLogs=true
[INFO] 
[INFO] Starting batch 2/2 with 2 concurrent request(s) to https://cxf-executor-dev.cxfabric.io/restendpoint?tenant_id=cus_QZ2vTHtqYrOmud&flow_id=e65852cd-3fc1-40d7-898a-d1ec37bfae59&draft=true&targetUserId=*&displayExecutionLogs=true
[INFO]   Starting test 1/2
[INFO]   Starting test 2/2
[INFO]   Response = {"success":true,"message":"Hello from C X Fabric!"} for flow https://cxf-executor-dev.cxfabric.io/restendpoint?tenant_id=cus_QZ2vTHtqYrOmud&flow_id=e65852cd-3fc1-40d7-898a-d1ec37bfae59&draft=true&targetUserId=*&displayExecutionLogs=true
[INFO]   Response = {"success":true,"message":"Hello from C X Fabric!"} for flow https://cxf-executor-dev.cxfabric.io/restendpoint?tenant_id=cus_QZ2vTHtqYrOmud&flow_id=e65852cd-3fc1-40d7-898a-d1ec37bfae59&draft=true&targetUserId=*&displayExecutionLogs=true
[INFO] Number of batches: 2
        Number of concurrent flow invocations: 2
        Total number of flow invocations: 4
        Number of successful flow invocations and executions: 4/4 (100%)
        Number of successful flow invocations with failed executions: 0/4 (0%)
        Number of unsuccessful flow invocations (not counted in the average flow execution time): 0/4 (0%)
        Average roundtrip time to/from CXF flow = 18689ms
        Total execution time: 37.533 seconds
[INFO] Flow test ended at Wed Jul 08 2026 08:48:07 GMT-0400 (Eastern Daylight Time)
